Archive member included because of file (symbol)

c:/users/ahmed/documents/everything/imt/imt_tools/sdk/imt_sdk_win_64/winavr/bin/../lib/gcc/avr/4.3.3/avr5\libgcc.a(_mulsi3.o)
                              ./MCAL/ADC/NTI_ADC_Program.o (__mulsi3)
c:/users/ahmed/documents/everything/imt/imt_tools/sdk/imt_sdk_win_64/winavr/bin/../lib/gcc/avr/4.3.3/avr5\libgcc.a(_udivmodhi4.o)
                              ./main.o (__udivmodhi4)
c:/users/ahmed/documents/everything/imt/imt_tools/sdk/imt_sdk_win_64/winavr/bin/../lib/gcc/avr/4.3.3/avr5\libgcc.a(_divmodsi4.o)
                              ./HAL/LCD2/LCD_Imp.o (__divmodsi4)
c:/users/ahmed/documents/everything/imt/imt_tools/sdk/imt_sdk_win_64/winavr/bin/../lib/gcc/avr/4.3.3/avr5\libgcc.a(_exit.o)
                              c:/users/ahmed/documents/everything/imt/imt_tools/sdk/imt_sdk_win_64/winavr/bin/../lib/gcc/avr/4.3.3/../../../../avr/lib/avr5/crtm32.o (exit)
c:/users/ahmed/documents/everything/imt/imt_tools/sdk/imt_sdk_win_64/winavr/bin/../lib/gcc/avr/4.3.3/avr5\libgcc.a(_copy_data.o)
                              ./MCAL/ADC/NTI_ADC_Program.o (__do_copy_data)
c:/users/ahmed/documents/everything/imt/imt_tools/sdk/imt_sdk_win_64/winavr/bin/../lib/gcc/avr/4.3.3/avr5\libgcc.a(_clear_bss.o)
                              ./MCAL/UART/UART_Program.o (__do_clear_bss)
c:/users/ahmed/documents/everything/imt/imt_tools/sdk/imt_sdk_win_64/winavr/bin/../lib/gcc/avr/4.3.3/avr5\libgcc.a(_fixunssfsi.o)
                              ./MCAL/ADC/NTI_ADC_Program.o (__fixunssfsi)
c:/users/ahmed/documents/everything/imt/imt_tools/sdk/imt_sdk_win_64/winavr/bin/../lib/gcc/avr/4.3.3/avr5\libgcc.a(_addsub_sf.o)
                              c:/users/ahmed/documents/everything/imt/imt_tools/sdk/imt_sdk_win_64/winavr/bin/../lib/gcc/avr/4.3.3/avr5\libgcc.a(_fixunssfsi.o) (__subsf3)
c:/users/ahmed/documents/everything/imt/imt_tools/sdk/imt_sdk_win_64/winavr/bin/../lib/gcc/avr/4.3.3/avr5\libgcc.a(_mul_sf.o)
                              ./MCAL/ADC/NTI_ADC_Program.o (__mulsf3)
c:/users/ahmed/documents/everything/imt/imt_tools/sdk/imt_sdk_win_64/winavr/bin/../lib/gcc/avr/4.3.3/avr5\libgcc.a(_div_sf.o)
                              ./MCAL/ADC/NTI_ADC_Program.o (__divsf3)
c:/users/ahmed/documents/everything/imt/imt_tools/sdk/imt_sdk_win_64/winavr/bin/../lib/gcc/avr/4.3.3/avr5\libgcc.a(_eq_sf.o)
                              ./main.o (__eqsf2)
c:/users/ahmed/documents/everything/imt/imt_tools/sdk/imt_sdk_win_64/winavr/bin/../lib/gcc/avr/4.3.3/avr5\libgcc.a(_gt_sf.o)
                              ./HAL/LCD2/LCD_Imp.o (__gtsf2)
c:/users/ahmed/documents/everything/imt/imt_tools/sdk/imt_sdk_win_64/winavr/bin/../lib/gcc/avr/4.3.3/avr5\libgcc.a(_ge_sf.o)
                              c:/users/ahmed/documents/everything/imt/imt_tools/sdk/imt_sdk_win_64/winavr/bin/../lib/gcc/avr/4.3.3/avr5\libgcc.a(_fixunssfsi.o) (__gesf2)
c:/users/ahmed/documents/everything/imt/imt_tools/sdk/imt_sdk_win_64/winavr/bin/../lib/gcc/avr/4.3.3/avr5\libgcc.a(_lt_sf.o)
                              ./HAL/LCD2/LCD_Imp.o (__ltsf2)
c:/users/ahmed/documents/everything/imt/imt_tools/sdk/imt_sdk_win_64/winavr/bin/../lib/gcc/avr/4.3.3/avr5\libgcc.a(_si_to_sf.o)
                              ./main.o (__floatsisf)
c:/users/ahmed/documents/everything/imt/imt_tools/sdk/imt_sdk_win_64/winavr/bin/../lib/gcc/avr/4.3.3/avr5\libgcc.a(_sf_to_si.o)
                              ./HAL/LCD2/LCD_Imp.o (__fixsfsi)
c:/users/ahmed/documents/everything/imt/imt_tools/sdk/imt_sdk_win_64/winavr/bin/../lib/gcc/avr/4.3.3/avr5\libgcc.a(_thenan_sf.o)
                              c:/users/ahmed/documents/everything/imt/imt_tools/sdk/imt_sdk_win_64/winavr/bin/../lib/gcc/avr/4.3.3/avr5\libgcc.a(_addsub_sf.o) (__thenan_sf)
c:/users/ahmed/documents/everything/imt/imt_tools/sdk/imt_sdk_win_64/winavr/bin/../lib/gcc/avr/4.3.3/avr5\libgcc.a(_usi_to_sf.o)
                              ./MCAL/ADC/NTI_ADC_Program.o (__floatunsisf)
c:/users/ahmed/documents/everything/imt/imt_tools/sdk/imt_sdk_win_64/winavr/bin/../lib/gcc/avr/4.3.3/avr5\libgcc.a(_udivmodsi4.o)
                              c:/users/ahmed/documents/everything/imt/imt_tools/sdk/imt_sdk_win_64/winavr/bin/../lib/gcc/avr/4.3.3/avr5\libgcc.a(_divmodsi4.o) (__udivmodsi4)
c:/users/ahmed/documents/everything/imt/imt_tools/sdk/imt_sdk_win_64/winavr/bin/../lib/gcc/avr/4.3.3/avr5\libgcc.a(_prologue.o)
                              c:/users/ahmed/documents/everything/imt/imt_tools/sdk/imt_sdk_win_64/winavr/bin/../lib/gcc/avr/4.3.3/avr5\libgcc.a(_addsub_sf.o) (__prologue_saves__)
c:/users/ahmed/documents/everything/imt/imt_tools/sdk/imt_sdk_win_64/winavr/bin/../lib/gcc/avr/4.3.3/avr5\libgcc.a(_epilogue.o)
                              c:/users/ahmed/documents/everything/imt/imt_tools/sdk/imt_sdk_win_64/winavr/bin/../lib/gcc/avr/4.3.3/avr5\libgcc.a(_addsub_sf.o) (__epilogue_restores__)
c:/users/ahmed/documents/everything/imt/imt_tools/sdk/imt_sdk_win_64/winavr/bin/../lib/gcc/avr/4.3.3/avr5\libgcc.a(_clzsi2.o)
                              c:/users/ahmed/documents/everything/imt/imt_tools/sdk/imt_sdk_win_64/winavr/bin/../lib/gcc/avr/4.3.3/avr5\libgcc.a(_si_to_sf.o) (__clzsi2)
c:/users/ahmed/documents/everything/imt/imt_tools/sdk/imt_sdk_win_64/winavr/bin/../lib/gcc/avr/4.3.3/avr5\libgcc.a(_pack_sf.o)
                              c:/users/ahmed/documents/everything/imt/imt_tools/sdk/imt_sdk_win_64/winavr/bin/../lib/gcc/avr/4.3.3/avr5\libgcc.a(_addsub_sf.o) (__pack_f)
c:/users/ahmed/documents/everything/imt/imt_tools/sdk/imt_sdk_win_64/winavr/bin/../lib/gcc/avr/4.3.3/avr5\libgcc.a(_unpack_sf.o)
                              c:/users/ahmed/documents/everything/imt/imt_tools/sdk/imt_sdk_win_64/winavr/bin/../lib/gcc/avr/4.3.3/avr5\libgcc.a(_addsub_sf.o) (__unpack_f)
c:/users/ahmed/documents/everything/imt/imt_tools/sdk/imt_sdk_win_64/winavr/bin/../lib/gcc/avr/4.3.3/avr5\libgcc.a(_fpcmp_parts_sf.o)
                              c:/users/ahmed/documents/everything/imt/imt_tools/sdk/imt_sdk_win_64/winavr/bin/../lib/gcc/avr/4.3.3/avr5\libgcc.a(_eq_sf.o) (__fpcmp_parts_f)
c:/users/ahmed/documents/everything/imt/imt_tools/sdk/imt_sdk_win_64/winavr/bin/../lib/gcc/avr/4.3.3/avr5\libgcc.a(_clz.o)
                              c:/users/ahmed/documents/everything/imt/imt_tools/sdk/imt_sdk_win_64/winavr/bin/../lib/gcc/avr/4.3.3/avr5\libgcc.a(_clzsi2.o) (__clz_tab)

Allocating common symbols
Common symbol       size              file

ADC_pvFunc          0x2               ./MCAL/ADC/NTI_ADC_Program.o

Memory Configuration

Name             Origin             Length             Attributes
text             0x00000000         0x00020000         xr
data             0x00800060         0x0000ffa0         rw !x
eeprom           0x00810000         0x00010000         rw !x
fuse             0x00820000         0x00000400         rw !x
lock             0x00830000         0x00000400         rw !x
signature        0x00840000         0x00000400         rw !x
*default*        0x00000000         0xffffffff

Linker script and memory map

LOAD c:/users/ahmed/documents/everything/imt/imt_tools/sdk/imt_sdk_win_64/winavr/bin/../lib/gcc/avr/4.3.3/../../../../avr/lib/avr5/crtm32.o
LOAD ./MCAL/UART/UART_Program.o
LOAD ./MCAL/TMR1/TMR1_Imp.o
LOAD ./MCAL/SPI/SPI_Program.o
LOAD ./MCAL/Port/Port_Program.o
LOAD ./MCAL/ICU/ICU_Program.o
LOAD ./MCAL/GIE/GIE_Program.o
LOAD ./MCAL/EXT_INT/EXT_INT_Program.o
LOAD ./MCAL/DIO/DIO_Program.o
LOAD ./MCAL/ADC/NTI_ADC_Program.o
LOAD ./HAL/LCD2/LCD_Imp.o
LOAD ./HAL/KeyPad/KPD_Program.o
LOAD ./main.o
LOAD c:/users/ahmed/documents/everything/imt/imt_tools/sdk/imt_sdk_win_64/winavr/bin/../lib/gcc/avr/4.3.3/avr5\libgcc.a
LOAD c:/users/ahmed/documents/everything/imt/imt_tools/sdk/imt_sdk_win_64/winavr/bin/../lib/gcc/avr/4.3.3/../../../../avr/lib/avr5\libc.a
LOAD c:/users/ahmed/documents/everything/imt/imt_tools/sdk/imt_sdk_win_64/winavr/bin/../lib/gcc/avr/4.3.3/avr5\libgcc.a

.hash
 *(.hash)

.dynsym
 *(.dynsym)

.dynstr
 *(.dynstr)

.gnu.version
 *(.gnu.version)

.gnu.version_d
 *(.gnu.version_d)

.gnu.version_r
 *(.gnu.version_r)

.rel.init
 *(.rel.init)

.rela.init
 *(.rela.init)

.rel.text
 *(.rel.text)
 *(.rel.text.*)
 *(.rel.gnu.linkonce.t*)

.rela.text
 *(.rela.text)
 *(.rela.text.*)
 *(.rela.gnu.linkonce.t*)

.rel.fini
 *(.rel.fini)

.rela.fini
 *(.rela.fini)

.rel.rodata
 *(.rel.rodata)
 *(.rel.rodata.*)
 *(.rel.gnu.linkonce.r*)

.rela.rodata
 *(.rela.rodata)
 *(.rela.rodata.*)
 *(.rela.gnu.linkonce.r*)

.rel.data
 *(.rel.data)
 *(.rel.data.*)
 *(.rel.gnu.linkonce.d*)

.rela.data
 *(.rela.data)
 *(.rela.data.*)
 *(.rela.gnu.linkonce.d*)

.rel.ctors
 *(.rel.ctors)

.rela.ctors
 *(.rela.ctors)

.rel.dtors
 *(.rel.dtors)

.rela.dtors
 *(.rela.dtors)

.rel.got
 *(.rel.got)

.rela.got
 *(.rela.got)

.rel.bss
 *(.rel.bss)

.rela.bss
 *(.rela.bss)

.rel.plt
 *(.rel.plt)

.rela.plt
 *(.rela.plt)

.text           0x00000000     0x3e8c
 *(.vectors)
 .vectors       0x00000000       0x54 c:/users/ahmed/documents/everything/imt/imt_tools/sdk/imt_sdk_win_64/winavr/bin/../lib/gcc/avr/4.3.3/../../../../avr/lib/avr5/crtm32.o
                0x00000000                __vectors
                0x00000000                __vector_default
 *(.vectors)
 *(.progmem.gcc*)
 *(.progmem*)
                0x00000054                . = ALIGN (0x2)
                0x00000054                __trampolines_start = .
 *(.trampolines)
 .trampolines   0x00000054        0x0 linker stubs
 *(.trampolines*)
                0x00000054                __trampolines_end = .
 *(.jumptables)
 *(.jumptables*)
 *(.lowtext)
 *(.lowtext*)
                0x00000054                __ctors_start = .
 *(.ctors)
                0x00000054                __ctors_end = .
                0x00000054                __dtors_start = .
 *(.dtors)
                0x00000054                __dtors_end = .
 SORT(*)(.ctors)
 SORT(*)(.dtors)
 *(.init0)
 .init0         0x00000054        0x0 c:/users/ahmed/documents/everything/imt/imt_tools/sdk/imt_sdk_win_64/winavr/bin/../lib/gcc/avr/4.3.3/../../../../avr/lib/avr5/crtm32.o
                0x00000054                __init
 *(.init0)
 *(.init1)
 *(.init1)
 *(.init2)
 .init2         0x00000054        0xc c:/users/ahmed/documents/everything/imt/imt_tools/sdk/imt_sdk_win_64/winavr/bin/../lib/gcc/avr/4.3.3/../../../../avr/lib/avr5/crtm32.o
 *(.init2)
 *(.init3)
 *(.init3)
 *(.init4)
 .init4         0x00000060       0x16 c:/users/ahmed/documents/everything/imt/imt_tools/sdk/imt_sdk_win_64/winavr/bin/../lib/gcc/avr/4.3.3/avr5\libgcc.a(_copy_data.o)
                0x00000060                __do_copy_data
 .init4         0x00000076       0x10 c:/users/ahmed/documents/everything/imt/imt_tools/sdk/imt_sdk_win_64/winavr/bin/../lib/gcc/avr/4.3.3/avr5\libgcc.a(_clear_bss.o)
                0x00000076                __do_clear_bss
 *(.init4)
 *(.init5)
 *(.init5)
 *(.init6)
 *(.init6)
 *(.init7)
 *(.init7)
 *(.init8)
 *(.init8)
 *(.init9)
 .init9         0x00000086        0x8 c:/users/ahmed/documents/everything/imt/imt_tools/sdk/imt_sdk_win_64/winavr/bin/../lib/gcc/avr/4.3.3/../../../../avr/lib/avr5/crtm32.o
 *(.init9)
 *(.text)
 .text          0x0000008e        0x4 c:/users/ahmed/documents/everything/imt/imt_tools/sdk/imt_sdk_win_64/winavr/bin/../lib/gcc/avr/4.3.3/../../../../avr/lib/avr5/crtm32.o
                0x0000008e                __bad_interrupt
                0x0000008e                __vector_11
                0x0000008e                __vector_17
                0x0000008e                __vector_19
                0x0000008e                __vector_5
                0x0000008e                __vector_4
                0x0000008e                __vector_9
                0x0000008e                __vector_8
                0x0000008e                __vector_10
                0x0000008e                __vector_18
                0x0000008e                __vector_20
 .text          0x00000092        0x0 ./MCAL/UART/UART_Program.o
 .text          0x00000092        0x0 ./MCAL/TMR1/TMR1_Imp.o
 .text          0x00000092        0x0 ./MCAL/SPI/SPI_Program.o
 .text          0x00000092        0x0 ./MCAL/Port/Port_Program.o
 .text          0x00000092        0x0 ./MCAL/ICU/ICU_Program.o
 .text          0x00000092        0x0 ./MCAL/GIE/GIE_Program.o
 .text          0x00000092        0x0 ./MCAL/EXT_INT/EXT_INT_Program.o
 .text          0x00000092        0x0 ./MCAL/DIO/DIO_Program.o
 .text          0x00000092        0x0 ./MCAL/ADC/NTI_ADC_Program.o
 .text          0x00000092        0x0 ./HAL/LCD2/LCD_Imp.o
 .text          0x00000092        0x0 ./HAL/KeyPad/KPD_Program.o
 .text          0x00000092        0x0 ./main.o
 .text          0x00000092        0x0 c:/users/ahmed/documents/everything/imt/imt_tools/sdk/imt_sdk_win_64/winavr/bin/../lib/gcc/avr/4.3.3/avr5\libgcc.a(_mulsi3.o)
 .text          0x00000092        0x0 c:/users/ahmed/documents/everything/imt/imt_tools/sdk/imt_sdk_win_64/winavr/bin/../lib/gcc/avr/4.3.3/avr5\libgcc.a(_udivmodhi4.o)
 .text          0x00000092        0x0 c:/users/ahmed/documents/everything/imt/imt_tools/sdk/imt_sdk_win_64/winavr/bin/../lib/gcc/avr/4.3.3/avr5\libgcc.a(_divmodsi4.o)
 .text          0x00000092        0x0 c:/users/ahmed/documents/everything/imt/imt_tools/sdk/imt_sdk_win_64/winavr/bin/../lib/gcc/avr/4.3.3/avr5\libgcc.a(_exit.o)
 .text          0x00000092        0x0 c:/users/ahmed/documents/everything/imt/imt_tools/sdk/imt_sdk_win_64/winavr/bin/../lib/gcc/avr/4.3.3/avr5\libgcc.a(_copy_data.o)
 .text          0x00000092        0x0 c:/users/ahmed/documents/everything/imt/imt_tools/sdk/imt_sdk_win_64/winavr/bin/../lib/gcc/avr/4.3.3/avr5\libgcc.a(_clear_bss.o)
 .text          0x00000092       0x58 c:/users/ahmed/documents/everything/imt/imt_tools/sdk/imt_sdk_win_64/winavr/bin/../lib/gcc/avr/4.3.3/avr5\libgcc.a(_fixunssfsi.o)
                0x00000092                __fixunssfsi
 .text          0x000000ea      0x354 c:/users/ahmed/documents/everything/imt/imt_tools/sdk/imt_sdk_win_64/winavr/bin/../lib/gcc/avr/4.3.3/avr5\libgcc.a(_addsub_sf.o)
                0x00000382                __subsf3
                0x000003e4                __addsf3
 .text          0x0000043e      0x1f4 c:/users/ahmed/documents/everything/imt/imt_tools/sdk/imt_sdk_win_64/winavr/bin/../lib/gcc/avr/4.3.3/avr5\libgcc.a(_mul_sf.o)
                0x0000043e                __mulsf3
 .text          0x00000632      0x158 c:/users/ahmed/documents/everything/imt/imt_tools/sdk/imt_sdk_win_64/winavr/bin/../lib/gcc/avr/4.3.3/avr5\libgcc.a(_div_sf.o)
                0x00000632                __divsf3
 .text          0x0000078a       0x60 c:/users/ahmed/documents/everything/imt/imt_tools/sdk/imt_sdk_win_64/winavr/bin/../lib/gcc/avr/4.3.3/avr5\libgcc.a(_eq_sf.o)
                0x0000078a                __eqsf2
 .text          0x000007ea       0x60 c:/users/ahmed/documents/everything/imt/imt_tools/sdk/imt_sdk_win_64/winavr/bin/../lib/gcc/avr/4.3.3/avr5\libgcc.a(_gt_sf.o)
                0x000007ea                __gtsf2
 .text          0x0000084a       0x60 c:/users/ahmed/documents/everything/imt/imt_tools/sdk/imt_sdk_win_64/winavr/bin/../lib/gcc/avr/4.3.3/avr5\libgcc.a(_ge_sf.o)
                0x0000084a                __gesf2
 .text          0x000008aa       0x60 c:/users/ahmed/documents/everything/imt/imt_tools/sdk/imt_sdk_win_64/winavr/bin/../lib/gcc/avr/4.3.3/avr5\libgcc.a(_lt_sf.o)
                0x000008aa                __ltsf2
 .text          0x0000090a       0xbc c:/users/ahmed/documents/everything/imt/imt_tools/sdk/imt_sdk_win_64/winavr/bin/../lib/gcc/avr/4.3.3/avr5\libgcc.a(_si_to_sf.o)
                0x0000090a                __floatsisf
 .text          0x000009c6       0xa8 c:/users/ahmed/documents/everything/imt/imt_tools/sdk/imt_sdk_win_64/winavr/bin/../lib/gcc/avr/4.3.3/avr5\libgcc.a(_sf_to_si.o)
                0x000009c6                __fixsfsi
 .text          0x00000a6e        0x0 c:/users/ahmed/documents/everything/imt/imt_tools/sdk/imt_sdk_win_64/winavr/bin/../lib/gcc/avr/4.3.3/avr5\libgcc.a(_thenan_sf.o)
 .text          0x00000a6e       0xf2 c:/users/ahmed/documents/everything/imt/imt_tools/sdk/imt_sdk_win_64/winavr/bin/../lib/gcc/avr/4.3.3/avr5\libgcc.a(_usi_to_sf.o)
                0x00000a6e                __floatunsisf
 .text          0x00000b60        0x0 c:/users/ahmed/documents/everything/imt/imt_tools/sdk/imt_sdk_win_64/winavr/bin/../lib/gcc/avr/4.3.3/avr5\libgcc.a(_udivmodsi4.o)
 .text          0x00000b60        0x0 c:/users/ahmed/documents/everything/imt/imt_tools/sdk/imt_sdk_win_64/winavr/bin/../lib/gcc/avr/4.3.3/avr5\libgcc.a(_prologue.o)
 .text          0x00000b60        0x0 c:/users/ahmed/documents/everything/imt/imt_tools/sdk/imt_sdk_win_64/winavr/bin/../lib/gcc/avr/4.3.3/avr5\libgcc.a(_epilogue.o)
 .text          0x00000b60       0x9e c:/users/ahmed/documents/everything/imt/imt_tools/sdk/imt_sdk_win_64/winavr/bin/../lib/gcc/avr/4.3.3/avr5\libgcc.a(_clzsi2.o)
                0x00000b60                __clzsi2
 .text          0x00000bfe      0x1aa c:/users/ahmed/documents/everything/imt/imt_tools/sdk/imt_sdk_win_64/winavr/bin/../lib/gcc/avr/4.3.3/avr5\libgcc.a(_pack_sf.o)
                0x00000bfe                __pack_f
 .text          0x00000da8       0xf0 c:/users/ahmed/documents/everything/imt/imt_tools/sdk/imt_sdk_win_64/winavr/bin/../lib/gcc/avr/4.3.3/avr5\libgcc.a(_unpack_sf.o)
                0x00000da8                __unpack_f
 .text          0x00000e98       0xb2 c:/users/ahmed/documents/everything/imt/imt_tools/sdk/imt_sdk_win_64/winavr/bin/../lib/gcc/avr/4.3.3/avr5\libgcc.a(_fpcmp_parts_sf.o)
                0x00000e98                __fpcmp_parts_f
 .text          0x00000f4a        0x0 c:/users/ahmed/documents/everything/imt/imt_tools/sdk/imt_sdk_win_64/winavr/bin/../lib/gcc/avr/4.3.3/avr5\libgcc.a(_clz.o)
                0x00000f4a                . = ALIGN (0x2)
 *(.text.*)
 .text.USART_voidInit
                0x00000f4a       0xe0 ./MCAL/UART/UART_Program.o
                0x00000f4a                USART_voidInit
 .text.USART_voidSend
                0x0000102a       0x34 ./MCAL/UART/UART_Program.o
                0x0000102a                USART_voidSend
 .text.USART_u8Receive
                0x0000105e       0x1e ./MCAL/UART/UART_Program.o
                0x0000105e                USART_u8Receive
 .text.USART_u8TransReceive
                0x0000107c       0x44 ./MCAL/UART/UART_Program.o
                0x0000107c                USART_u8TransReceive
 .text.USART_voidSendInterrupt
                0x000010c0       0x1c ./MCAL/UART/UART_Program.o
                0x000010c0                USART_voidSendInterrupt
 .text.USART_u8ReceiveInterrupt
                0x000010dc       0x14 ./MCAL/UART/UART_Program.o
                0x000010dc                USART_u8ReceiveInterrupt
 .text.USART_voidSendText
                0x000010f0       0x52 ./MCAL/UART/UART_Program.o
                0x000010f0                USART_voidSendText
 .text.USART_voidReceiveText
                0x00001142       0x5c ./MCAL/UART/UART_Program.o
                0x00001142                USART_voidReceiveText
 .text.USART_voidRXCallBackFunc
                0x0000119e       0x2c ./MCAL/UART/UART_Program.o
                0x0000119e                USART_voidRXCallBackFunc
 .text.USART_voidTXCallBackFunc
                0x000011ca       0x2c ./MCAL/UART/UART_Program.o
                0x000011ca                USART_voidTXCallBackFunc
 .text.USART_voidUDRCallBackFunc
                0x000011f6       0x2c ./MCAL/UART/UART_Program.o
                0x000011f6                USART_voidUDRCallBackFunc
 .text.USART_voidRXEnableInterrupt
                0x00001222       0x1c ./MCAL/UART/UART_Program.o
                0x00001222                USART_voidRXEnableInterrupt
 .text.USART_voidRXDisableInterrupt
                0x0000123e       0x1c ./MCAL/UART/UART_Program.o
                0x0000123e                USART_voidRXDisableInterrupt
 .text.USART_voidTXEnableInterrupt
                0x0000125a       0x1c ./MCAL/UART/UART_Program.o
                0x0000125a                USART_voidTXEnableInterrupt
 .text.USART_voidTXDisableInterrupt
                0x00001276       0x1c ./MCAL/UART/UART_Program.o
                0x00001276                USART_voidTXDisableInterrupt
 .text.USART_voidUDREnableInterrupt
                0x00001292       0x1c ./MCAL/UART/UART_Program.o
                0x00001292                USART_voidUDREnableInterrupt
 .text.USART_voidUDRDisableInterrupt
                0x000012ae       0x1c ./MCAL/UART/UART_Program.o
                0x000012ae                USART_voidUDRDisableInterrupt
 .text.__vector_13
                0x000012ca       0x66 ./MCAL/UART/UART_Program.o
                0x000012ca                __vector_13
 .text.__vector_14
                0x00001330       0x66 ./MCAL/UART/UART_Program.o
                0x00001330                __vector_14
 .text.__vector_15
                0x00001396       0x66 ./MCAL/UART/UART_Program.o
                0x00001396                __vector_15
 .text.TMR1_voidInit
                0x000013fc       0x96 ./MCAL/TMR1/TMR1_Imp.o
                0x000013fc                TMR1_voidInit
 .text.TMR1_voidSetICR
                0x00001492       0x24 ./MCAL/TMR1/TMR1_Imp.o
                0x00001492                TMR1_voidSetICR
 .text.TMR1_voidSetTimerValue
                0x000014b6       0x24 ./MCAL/TMR1/TMR1_Imp.o
                0x000014b6                TMR1_voidSetTimerValue
 .text.TMR1_u16ReadTimerValue
                0x000014da       0x16 ./MCAL/TMR1/TMR1_Imp.o
                0x000014da                TMR1_u16ReadTimerValue
 .text.TMR1_voidSetDutyCycle
                0x000014f0       0x24 ./MCAL/TMR1/TMR1_Imp.o
                0x000014f0                TMR1_voidSetDutyCycle
 .text.TMR1_ICUsetEdgeDetectionMode
                0x00001514       0x3e ./MCAL/TMR1/TMR1_Imp.o
                0x00001514                TMR1_ICUsetEdgeDetectionMode
 .text.TMR1_ICUgetInputCaptureValue
                0x00001552       0x16 ./MCAL/TMR1/TMR1_Imp.o
                0x00001552                TMR1_ICUgetInputCaptureValue
 .text.TMR1_ICUclearTimerValue
                0x00001568       0x16 ./MCAL/TMR1/TMR1_Imp.o
                0x00001568                TMR1_ICUclearTimerValue
 .text.TMR1_ICUDeInit
                0x0000157e       0x38 ./MCAL/TMR1/TMR1_Imp.o
                0x0000157e                TMR1_ICUDeInit
 .text.TMR1_voidTimer1ICUSetCallBack
                0x000015b6       0x24 ./MCAL/TMR1/TMR1_Imp.o
                0x000015b6                TMR1_voidTimer1ICUSetCallBack
 .text.TMR1_voidTimer1CTCSetCallBack
                0x000015da       0x24 ./MCAL/TMR1/TMR1_Imp.o
                0x000015da                TMR1_voidTimer1CTCSetCallBack
 .text.__vector_6
                0x000015fe       0x66 ./MCAL/TMR1/TMR1_Imp.o
                0x000015fe                __vector_6
 .text.__vector_7
                0x00001664       0x66 ./MCAL/TMR1/TMR1_Imp.o
                0x00001664                __vector_7
 .text.SPI_voidMasterInit
                0x000016ca       0x8c ./MCAL/SPI/SPI_Program.o
                0x000016ca                SPI_voidMasterInit
 .text.SPI_voidSlaveInit
                0x00001756       0x46 ./MCAL/SPI/SPI_Program.o
                0x00001756                SPI_voidSlaveInit
 .text.SPI_u8TransReceive
                0x0000179c       0x2c ./MCAL/SPI/SPI_Program.o
                0x0000179c                SPI_u8TransReceive
 .text.SPI_u8Receieve
                0x000017c8       0x14 ./MCAL/SPI/SPI_Program.o
                0x000017c8                SPI_u8Receieve
 .text.SPI_voidTransmit
                0x000017dc       0x1c ./MCAL/SPI/SPI_Program.o
                0x000017dc                SPI_voidTransmit
 .text.SPI_voidCallBack
                0x000017f8       0x2c ./MCAL/SPI/SPI_Program.o
                0x000017f8                SPI_voidCallBack
 .text.__vector_12
                0x00001824       0x66 ./MCAL/SPI/SPI_Program.o
                0x00001824                __vector_12
 .text.PORT_voidInit
                0x0000188a       0x48 ./MCAL/Port/Port_Program.o
                0x0000188a                PORT_voidInit
 .text.GIE_voidEnable
                0x000018d2       0x1c ./MCAL/GIE/GIE_Program.o
                0x000018d2                GIE_voidEnable
 .text.GIE_voidDisable
                0x000018ee       0x1c ./MCAL/GIE/GIE_Program.o
                0x000018ee                GIE_voidDisable
 .text.EXTI0_voidInit
                0x0000190a       0x2a ./MCAL/EXT_INT/EXT_INT_Program.o
                0x0000190a                EXTI0_voidInit
 .text.EXTI0_voidEnable
                0x00001934       0x1c ./MCAL/EXT_INT/EXT_INT_Program.o
                0x00001934                EXTI0_voidEnable
 .text.EXTI0_voidDisable
                0x00001950       0x1c ./MCAL/EXT_INT/EXT_INT_Program.o
                0x00001950                EXTI0_voidDisable
 .text.EXT0_voidSetSignalch
                0x0000196c       0xce ./MCAL/EXT_INT/EXT_INT_Program.o
                0x0000196c                EXT0_voidSetSignalch
 .text.EXTI1_voidInit
                0x00001a3a       0x2a ./MCAL/EXT_INT/EXT_INT_Program.o
                0x00001a3a                EXTI1_voidInit
 .text.EXTI1_voidEnable
                0x00001a64       0x1c ./MCAL/EXT_INT/EXT_INT_Program.o
                0x00001a64                EXTI1_voidEnable
 .text.EXTI1_voidDisable
                0x00001a80       0x1c ./MCAL/EXT_INT/EXT_INT_Program.o
                0x00001a80                EXTI1_voidDisable
 .text.EXT1_voidSetSignalch
                0x00001a9c       0xce ./MCAL/EXT_INT/EXT_INT_Program.o
                0x00001a9c                EXT1_voidSetSignalch
 .text.EXTI2_voidInit
                0x00001b6a       0x1c ./MCAL/EXT_INT/EXT_INT_Program.o
                0x00001b6a                EXTI2_voidInit
 .text.EXTI2_voidEnable
                0x00001b86       0x1c ./MCAL/EXT_INT/EXT_INT_Program.o
                0x00001b86                EXTI2_voidEnable
 .text.EXTI2_voidDisable
                0x00001ba2       0x1c ./MCAL/EXT_INT/EXT_INT_Program.o
                0x00001ba2                EXTI2_voidDisable
 .text.EXT2_voidSetSignalch
                0x00001bbe       0x56 ./MCAL/EXT_INT/EXT_INT_Program.o
                0x00001bbe                EXT2_voidSetSignalch
 .text.EXT0_VID_SET_CALL_BACK
                0x00001c14       0x2c ./MCAL/EXT_INT/EXT_INT_Program.o
                0x00001c14                EXT0_VID_SET_CALL_BACK
 .text.EXT1_VID_SET_CALL_BACK
                0x00001c40       0x2c ./MCAL/EXT_INT/EXT_INT_Program.o
                0x00001c40                EXT1_VID_SET_CALL_BACK
 .text.EXT2_VID_SET_CALL_BACK
                0x00001c6c       0x2c ./MCAL/EXT_INT/EXT_INT_Program.o
                0x00001c6c                EXT2_VID_SET_CALL_BACK
 .text.__vector_1
                0x00001c98       0x66 ./MCAL/EXT_INT/EXT_INT_Program.o
                0x00001c98                __vector_1
 .text.__vector_2
                0x00001cfe       0x66 ./MCAL/EXT_INT/EXT_INT_Program.o
                0x00001cfe                __vector_2
 .text.__vector_3
                0x00001d64       0x66 ./MCAL/EXT_INT/EXT_INT_Program.o
                0x00001d64                __vector_3
 .text.DIO_u8SetPinValue
                0x00001dca      0x1fc ./MCAL/DIO/DIO_Program.o
                0x00001dca                DIO_u8SetPinValue
 .text.DIO_u8SetPortValue
                0x00001fc6       0x96 ./MCAL/DIO/DIO_Program.o
                0x00001fc6                DIO_u8SetPortValue
 .text.DIO_GetPinValue
                0x0000205c      0x11a ./MCAL/DIO/DIO_Program.o
                0x0000205c                DIO_GetPinValue
 .text.DIO_voidSetPortValue
                0x00002176       0x1c ./MCAL/DIO/DIO_Program.o
                0x00002176                DIO_voidSetPortValue
 .text.ADC_voidInit
                0x00002192       0x7a ./MCAL/ADC/NTI_ADC_Program.o
                0x00002192                ADC_voidInit
 .text.ADC_voidEnable
                0x0000220c       0x1c ./MCAL/ADC/NTI_ADC_Program.o
                0x0000220c                ADC_voidEnable
 .text.ADC_voidInterrputEnable
                0x00002228       0x1c ./MCAL/ADC/NTI_ADC_Program.o
                0x00002228                ADC_voidInterrputEnable
 .text.ADC_voidDisable
                0x00002244       0x1c ./MCAL/ADC/NTI_ADC_Program.o
                0x00002244                ADC_voidDisable
 .text.ADC_u16ReadADC
                0x00002260       0x76 ./MCAL/ADC/NTI_ADC_Program.o
                0x00002260                ADC_u16ReadADC
 .text.ADC_voidStartConversion
                0x000022d6       0x64 ./MCAL/ADC/NTI_ADC_Program.o
                0x000022d6                ADC_voidStartConversion
 .text.ADC_voidStartInterruptConversion
                0x0000233a       0x40 ./MCAL/ADC/NTI_ADC_Program.o
                0x0000233a                ADC_voidStartInterruptConversion
 .text.ADC_u16ReadADCInMV
                0x0000237a       0x94 ./MCAL/ADC/NTI_ADC_Program.o
                0x0000237a                ADC_u16ReadADCInMV
 .text.ADC_voidDisableInt
                0x0000240e       0x1c ./MCAL/ADC/NTI_ADC_Program.o
                0x0000240e                ADC_voidDisableInt
 .text.ADC_SetCallback
                0x0000242a       0x2c ./MCAL/ADC/NTI_ADC_Program.o
                0x0000242a                ADC_SetCallback
 .text.__vector_16
                0x00002456       0x66 ./MCAL/ADC/NTI_ADC_Program.o
                0x00002456                __vector_16
 .text.LCD_voidInit
                0x000024bc      0xc00 ./HAL/LCD2/LCD_Imp.o
                0x000024bc                LCD_voidInit
 .text.LCD_voidSendCommand
                0x000030bc      0x1e0 ./HAL/LCD2/LCD_Imp.o
                0x000030bc                LCD_voidSendCommand
 .text.LCD_voidSendInitCommand
                0x0000329c      0x180 ./HAL/LCD2/LCD_Imp.o
                0x0000329c                LCD_voidSendInitCommand
 .text.LCD_voidWriteChar
                0x0000341c      0x1e0 ./HAL/LCD2/LCD_Imp.o
                0x0000341c                LCD_voidWriteChar
 .text.LCD_voidWriteString
                0x000035fc       0x52 ./HAL/LCD2/LCD_Imp.o
                0x000035fc                LCD_voidWriteString
 .text.IntToString
                0x0000364e      0x18a ./HAL/LCD2/LCD_Imp.o
                0x0000364e                IntToString
 .text.LCD_voidWriteIntData
                0x000037d8       0x6a ./HAL/LCD2/LCD_Imp.o
                0x000037d8                LCD_voidWriteIntData
 .text.LCD_voidWriteFloatData
                0x00003842      0x13e ./HAL/LCD2/LCD_Imp.o
                0x00003842                LCD_voidWriteFloatData
 .text.LCD_voidGoToPosition
                0x00003980       0x62 ./HAL/LCD2/LCD_Imp.o
                0x00003980                LCD_voidGoToPosition
 .text.LCD_voidClear
                0x000039e2       0x26 ./HAL/LCD2/LCD_Imp.o
                0x000039e2                LCD_voidClear
 .text.LCD_voidClearLine
                0x00003a08       0x3c ./HAL/LCD2/LCD_Imp.o
                0x00003a08                LCD_voidClearLine
 .text.LCD_voidDisplaySpecialChar
                0x00003a44       0x9a ./HAL/LCD2/LCD_Imp.o
                0x00003a44                LCD_voidDisplaySpecialChar
 .text.KPD_u8GetPressedKey
                0x00003ade       0xf2 ./HAL/KeyPad/KPD_Program.o
                0x00003ade                KPD_u8GetPressedKey
 .text.Data_Read
                0x00003bd0       0x18 ./main.o
                0x00003bd0                Data_Read
 .text.Time_Fun
                0x00003be8       0x52 ./main.o
                0x00003be8                Time_Fun
 .text.ADC_READ_DATA
                0x00003c3a       0x44 ./main.o
                0x00003c3a                ADC_READ_DATA
 .text.main     0x00003c7e       0xbc ./main.o
                0x00003c7e                main
 .text.libgcc   0x00003d3a       0x3e c:/users/ahmed/documents/everything/imt/imt_tools/sdk/imt_sdk_win_64/winavr/bin/../lib/gcc/avr/4.3.3/avr5\libgcc.a(_mulsi3.o)
                0x00003d3a                __mulsi3
 .text.libgcc   0x00003d78       0x28 c:/users/ahmed/documents/everything/imt/imt_tools/sdk/imt_sdk_win_64/winavr/bin/../lib/gcc/avr/4.3.3/avr5\libgcc.a(_udivmodhi4.o)
                0x00003d78                __udivmodhi4
 .text.libgcc   0x00003da0       0x36 c:/users/ahmed/documents/everything/imt/imt_tools/sdk/imt_sdk_win_64/winavr/bin/../lib/gcc/avr/4.3.3/avr5\libgcc.a(_divmodsi4.o)
                0x00003da0                __divmodsi4
 .text.libgcc   0x00003dd6        0x0 c:/users/ahmed/documents/everything/imt/imt_tools/sdk/imt_sdk_win_64/winavr/bin/../lib/gcc/avr/4.3.3/avr5\libgcc.a(_exit.o)
 .text.libgcc   0x00003dd6        0x0 c:/users/ahmed/documents/everything/imt/imt_tools/sdk/imt_sdk_win_64/winavr/bin/../lib/gcc/avr/4.3.3/avr5\libgcc.a(_copy_data.o)
 .text.libgcc   0x00003dd6        0x0 c:/users/ahmed/documents/everything/imt/imt_tools/sdk/imt_sdk_win_64/winavr/bin/../lib/gcc/avr/4.3.3/avr5\libgcc.a(_clear_bss.o)
 .text.libgcc   0x00003dd6       0x44 c:/users/ahmed/documents/everything/imt/imt_tools/sdk/imt_sdk_win_64/winavr/bin/../lib/gcc/avr/4.3.3/avr5\libgcc.a(_udivmodsi4.o)
                0x00003dd6                __udivmodsi4
 .text.libgcc   0x00003e1a       0x38 c:/users/ahmed/documents/everything/imt/imt_tools/sdk/imt_sdk_win_64/winavr/bin/../lib/gcc/avr/4.3.3/avr5\libgcc.a(_prologue.o)
                0x00003e1a                __prologue_saves__
 .text.libgcc   0x00003e52       0x36 c:/users/ahmed/documents/everything/imt/imt_tools/sdk/imt_sdk_win_64/winavr/bin/../lib/gcc/avr/4.3.3/avr5\libgcc.a(_epilogue.o)
                0x00003e52                __epilogue_restores__
                0x00003e88                . = ALIGN (0x2)
 *(.fini9)
 .fini9         0x00003e88        0x0 c:/users/ahmed/documents/everything/imt/imt_tools/sdk/imt_sdk_win_64/winavr/bin/../lib/gcc/avr/4.3.3/avr5\libgcc.a(_exit.o)
                0x00003e88                exit
                0x00003e88                _exit
 *(.fini9)
 *(.fini8)
 *(.fini8)
 *(.fini7)
 *(.fini7)
 *(.fini6)
 *(.fini6)
 *(.fini5)
 *(.fini5)
 *(.fini4)
 *(.fini4)
 *(.fini3)
 *(.fini3)
 *(.fini2)
 *(.fini2)
 *(.fini1)
 *(.fini1)
 *(.fini0)
 .fini0         0x00003e88        0x4 c:/users/ahmed/documents/everything/imt/imt_tools/sdk/imt_sdk_win_64/winavr/bin/../lib/gcc/avr/4.3.3/avr5\libgcc.a(_exit.o)
 *(.fini0)
                0x00003e8c                _etext = .

.data           0x00800060      0x134 load address 0x00003e8c
                0x00800060                PROVIDE (__data_start, .)
 *(.data)
 .data          0x00800060        0x0 c:/users/ahmed/documents/everything/imt/imt_tools/sdk/imt_sdk_win_64/winavr/bin/../lib/gcc/avr/4.3.3/../../../../avr/lib/avr5/crtm32.o
 .data          0x00800060        0x0 ./MCAL/UART/UART_Program.o
 .data          0x00800060        0x0 ./MCAL/TMR1/TMR1_Imp.o
 .data          0x00800060        0x0 ./MCAL/SPI/SPI_Program.o
 .data          0x00800060        0x0 ./MCAL/Port/Port_Program.o
 .data          0x00800060        0x0 ./MCAL/ICU/ICU_Program.o
 .data          0x00800060        0x0 ./MCAL/GIE/GIE_Program.o
 .data          0x00800060        0x0 ./MCAL/EXT_INT/EXT_INT_Program.o
 .data          0x00800060        0x0 ./MCAL/DIO/DIO_Program.o
 .data          0x00800060        0x0 ./MCAL/ADC/NTI_ADC_Program.o
 .data          0x00800060        0x0 ./HAL/LCD2/LCD_Imp.o
 .data          0x00800060        0x0 ./HAL/KeyPad/KPD_Program.o
 .data          0x00800060        0xe ./main.o
 .data          0x0080006e        0x0 c:/users/ahmed/documents/everything/imt/imt_tools/sdk/imt_sdk_win_64/winavr/bin/../lib/gcc/avr/4.3.3/avr5\libgcc.a(_mulsi3.o)
 .data          0x0080006e        0x0 c:/users/ahmed/documents/everything/imt/imt_tools/sdk/imt_sdk_win_64/winavr/bin/../lib/gcc/avr/4.3.3/avr5\libgcc.a(_udivmodhi4.o)
 .data          0x0080006e        0x0 c:/users/ahmed/documents/everything/imt/imt_tools/sdk/imt_sdk_win_64/winavr/bin/../lib/gcc/avr/4.3.3/avr5\libgcc.a(_divmodsi4.o)
 .data          0x0080006e        0x0 c:/users/ahmed/documents/everything/imt/imt_tools/sdk/imt_sdk_win_64/winavr/bin/../lib/gcc/avr/4.3.3/avr5\libgcc.a(_exit.o)
 .data          0x0080006e        0x0 c:/users/ahmed/documents/everything/imt/imt_tools/sdk/imt_sdk_win_64/winavr/bin/../lib/gcc/avr/4.3.3/avr5\libgcc.a(_copy_data.o)
 .data          0x0080006e        0x0 c:/users/ahmed/documents/everything/imt/imt_tools/sdk/imt_sdk_win_64/winavr/bin/../lib/gcc/avr/4.3.3/avr5\libgcc.a(_clear_bss.o)
 .data          0x0080006e        0x0 c:/users/ahmed/documents/everything/imt/imt_tools/sdk/imt_sdk_win_64/winavr/bin/../lib/gcc/avr/4.3.3/avr5\libgcc.a(_fixunssfsi.o)
 .data          0x0080006e        0x0 c:/users/ahmed/documents/everything/imt/imt_tools/sdk/imt_sdk_win_64/winavr/bin/../lib/gcc/avr/4.3.3/avr5\libgcc.a(_addsub_sf.o)
 .data          0x0080006e        0x0 c:/users/ahmed/documents/everything/imt/imt_tools/sdk/imt_sdk_win_64/winavr/bin/../lib/gcc/avr/4.3.3/avr5\libgcc.a(_mul_sf.o)
 .data          0x0080006e        0x0 c:/users/ahmed/documents/everything/imt/imt_tools/sdk/imt_sdk_win_64/winavr/bin/../lib/gcc/avr/4.3.3/avr5\libgcc.a(_div_sf.o)
 .data          0x0080006e        0x0 c:/users/ahmed/documents/everything/imt/imt_tools/sdk/imt_sdk_win_64/winavr/bin/../lib/gcc/avr/4.3.3/avr5\libgcc.a(_eq_sf.o)
 .data          0x0080006e        0x0 c:/users/ahmed/documents/everything/imt/imt_tools/sdk/imt_sdk_win_64/winavr/bin/../lib/gcc/avr/4.3.3/avr5\libgcc.a(_gt_sf.o)
 .data          0x0080006e        0x0 c:/users/ahmed/documents/everything/imt/imt_tools/sdk/imt_sdk_win_64/winavr/bin/../lib/gcc/avr/4.3.3/avr5\libgcc.a(_ge_sf.o)
 .data          0x0080006e        0x0 c:/users/ahmed/documents/everything/imt/imt_tools/sdk/imt_sdk_win_64/winavr/bin/../lib/gcc/avr/4.3.3/avr5\libgcc.a(_lt_sf.o)
 .data          0x0080006e        0x0 c:/users/ahmed/documents/everything/imt/imt_tools/sdk/imt_sdk_win_64/winavr/bin/../lib/gcc/avr/4.3.3/avr5\libgcc.a(_si_to_sf.o)
 .data          0x0080006e        0x0 c:/users/ahmed/documents/everything/imt/imt_tools/sdk/imt_sdk_win_64/winavr/bin/../lib/gcc/avr/4.3.3/avr5\libgcc.a(_sf_to_si.o)
 .data          0x0080006e        0x8 c:/users/ahmed/documents/everything/imt/imt_tools/sdk/imt_sdk_win_64/winavr/bin/../lib/gcc/avr/4.3.3/avr5\libgcc.a(_thenan_sf.o)
                0x0080006e                __thenan_sf
 .data          0x00800076        0x0 c:/users/ahmed/documents/everything/imt/imt_tools/sdk/imt_sdk_win_64/winavr/bin/../lib/gcc/avr/4.3.3/avr5\libgcc.a(_usi_to_sf.o)
 .data          0x00800076        0x0 c:/users/ahmed/documents/everything/imt/imt_tools/sdk/imt_sdk_win_64/winavr/bin/../lib/gcc/avr/4.3.3/avr5\libgcc.a(_udivmodsi4.o)
 .data          0x00800076        0x0 c:/users/ahmed/documents/everything/imt/imt_tools/sdk/imt_sdk_win_64/winavr/bin/../lib/gcc/avr/4.3.3/avr5\libgcc.a(_prologue.o)
 .data          0x00800076        0x0 c:/users/ahmed/documents/everything/imt/imt_tools/sdk/imt_sdk_win_64/winavr/bin/../lib/gcc/avr/4.3.3/avr5\libgcc.a(_epilogue.o)
 .data          0x00800076        0x0 c:/users/ahmed/documents/everything/imt/imt_tools/sdk/imt_sdk_win_64/winavr/bin/../lib/gcc/avr/4.3.3/avr5\libgcc.a(_clzsi2.o)
 .data          0x00800076        0x0 c:/users/ahmed/documents/everything/imt/imt_tools/sdk/imt_sdk_win_64/winavr/bin/../lib/gcc/avr/4.3.3/avr5\libgcc.a(_pack_sf.o)
 .data          0x00800076        0x0 c:/users/ahmed/documents/everything/imt/imt_tools/sdk/imt_sdk_win_64/winavr/bin/../lib/gcc/avr/4.3.3/avr5\libgcc.a(_unpack_sf.o)
 .data          0x00800076        0x0 c:/users/ahmed/documents/everything/imt/imt_tools/sdk/imt_sdk_win_64/winavr/bin/../lib/gcc/avr/4.3.3/avr5\libgcc.a(_fpcmp_parts_sf.o)
 .data          0x00800076      0x100 c:/users/ahmed/documents/everything/imt/imt_tools/sdk/imt_sdk_win_64/winavr/bin/../lib/gcc/avr/4.3.3/avr5\libgcc.a(_clz.o)
                0x00800076                __clz_tab
 *(.data*)
 .data.Vref     0x00800176        0x4 ./MCAL/ADC/NTI_ADC_Program.o
                0x00800176                Vref
 .data.Local_u8KPDRowArr.1212
                0x0080017a        0x4 ./HAL/KeyPad/KPD_Program.o
 .data.Local_u8KPDColmArr.1211
                0x0080017e        0x4 ./HAL/KeyPad/KPD_Program.o
 .data.Local_u8KPDArr.1210
                0x00800182       0x10 ./HAL/KeyPad/KPD_Program.o
 .data.SPIFlag  0x00800192        0x1 ./main.o
                0x00800192                SPIFlag
 *(.rodata)
 *(.rodata*)
 *(.gnu.linkonce.d*)
                0x00800194                . = ALIGN (0x2)
 *fill*         0x00800193        0x1 00
                0x00800194                _edata = .
                0x00800194                PROVIDE (__data_end, .)

.bss            0x00800194       0x1b
                0x00800194                PROVIDE (__bss_start, .)
 *(.bss)
 .bss           0x00800194        0x0 c:/users/ahmed/documents/everything/imt/imt_tools/sdk/imt_sdk_win_64/winavr/bin/../lib/gcc/avr/4.3.3/../../../../avr/lib/avr5/crtm32.o
 .bss           0x00800194        0x0 ./MCAL/UART/UART_Program.o
 .bss           0x00800194        0x0 ./MCAL/TMR1/TMR1_Imp.o
 .bss           0x00800194        0x0 ./MCAL/SPI/SPI_Program.o
 .bss           0x00800194        0x0 ./MCAL/Port/Port_Program.o
 .bss           0x00800194        0x0 ./MCAL/ICU/ICU_Program.o
 .bss           0x00800194        0x0 ./MCAL/GIE/GIE_Program.o
 .bss           0x00800194        0x0 ./MCAL/EXT_INT/EXT_INT_Program.o
 .bss           0x00800194        0x0 ./MCAL/DIO/DIO_Program.o
 .bss           0x00800194        0x0 ./MCAL/ADC/NTI_ADC_Program.o
 .bss           0x00800194        0x0 ./HAL/LCD2/LCD_Imp.o
 .bss           0x00800194        0x0 ./HAL/KeyPad/KPD_Program.o
 .bss           0x00800194        0x0 ./main.o
 .bss           0x00800194        0x0 c:/users/ahmed/documents/everything/imt/imt_tools/sdk/imt_sdk_win_64/winavr/bin/../lib/gcc/avr/4.3.3/avr5\libgcc.a(_mulsi3.o)
 .bss           0x00800194        0x0 c:/users/ahmed/documents/everything/imt/imt_tools/sdk/imt_sdk_win_64/winavr/bin/../lib/gcc/avr/4.3.3/avr5\libgcc.a(_udivmodhi4.o)
 .bss           0x00800194        0x0 c:/users/ahmed/documents/everything/imt/imt_tools/sdk/imt_sdk_win_64/winavr/bin/../lib/gcc/avr/4.3.3/avr5\libgcc.a(_divmodsi4.o)
 .bss           0x00800194        0x0 c:/users/ahmed/documents/everything/imt/imt_tools/sdk/imt_sdk_win_64/winavr/bin/../lib/gcc/avr/4.3.3/avr5\libgcc.a(_exit.o)
 .bss           0x00800194        0x0 c:/users/ahmed/documents/everything/imt/imt_tools/sdk/imt_sdk_win_64/winavr/bin/../lib/gcc/avr/4.3.3/avr5\libgcc.a(_copy_data.o)
 .bss           0x00800194        0x0 c:/users/ahmed/documents/everything/imt/imt_tools/sdk/imt_sdk_win_64/winavr/bin/../lib/gcc/avr/4.3.3/avr5\libgcc.a(_clear_bss.o)
 .bss           0x00800194        0x0 c:/users/ahmed/documents/everything/imt/imt_tools/sdk/imt_sdk_win_64/winavr/bin/../lib/gcc/avr/4.3.3/avr5\libgcc.a(_fixunssfsi.o)
 .bss           0x00800194        0x0 c:/users/ahmed/documents/everything/imt/imt_tools/sdk/imt_sdk_win_64/winavr/bin/../lib/gcc/avr/4.3.3/avr5\libgcc.a(_addsub_sf.o)
 .bss           0x00800194        0x0 c:/users/ahmed/documents/everything/imt/imt_tools/sdk/imt_sdk_win_64/winavr/bin/../lib/gcc/avr/4.3.3/avr5\libgcc.a(_mul_sf.o)
 .bss           0x00800194        0x0 c:/users/ahmed/documents/everything/imt/imt_tools/sdk/imt_sdk_win_64/winavr/bin/../lib/gcc/avr/4.3.3/avr5\libgcc.a(_div_sf.o)
 .bss           0x00800194        0x0 c:/users/ahmed/documents/everything/imt/imt_tools/sdk/imt_sdk_win_64/winavr/bin/../lib/gcc/avr/4.3.3/avr5\libgcc.a(_eq_sf.o)
 .bss           0x00800194        0x0 c:/users/ahmed/documents/everything/imt/imt_tools/sdk/imt_sdk_win_64/winavr/bin/../lib/gcc/avr/4.3.3/avr5\libgcc.a(_gt_sf.o)
 .bss           0x00800194        0x0 c:/users/ahmed/documents/everything/imt/imt_tools/sdk/imt_sdk_win_64/winavr/bin/../lib/gcc/avr/4.3.3/avr5\libgcc.a(_ge_sf.o)
 .bss           0x00800194        0x0 c:/users/ahmed/documents/everything/imt/imt_tools/sdk/imt_sdk_win_64/winavr/bin/../lib/gcc/avr/4.3.3/avr5\libgcc.a(_lt_sf.o)
 .bss           0x00800194        0x0 c:/users/ahmed/documents/everything/imt/imt_tools/sdk/imt_sdk_win_64/winavr/bin/../lib/gcc/avr/4.3.3/avr5\libgcc.a(_si_to_sf.o)
 .bss           0x00800194        0x0 c:/users/ahmed/documents/everything/imt/imt_tools/sdk/imt_sdk_win_64/winavr/bin/../lib/gcc/avr/4.3.3/avr5\libgcc.a(_sf_to_si.o)
 .bss           0x00800194        0x0 c:/users/ahmed/documents/everything/imt/imt_tools/sdk/imt_sdk_win_64/winavr/bin/../lib/gcc/avr/4.3.3/avr5\libgcc.a(_thenan_sf.o)
 .bss           0x00800194        0x0 c:/users/ahmed/documents/everything/imt/imt_tools/sdk/imt_sdk_win_64/winavr/bin/../lib/gcc/avr/4.3.3/avr5\libgcc.a(_usi_to_sf.o)
 .bss           0x00800194        0x0 c:/users/ahmed/documents/everything/imt/imt_tools/sdk/imt_sdk_win_64/winavr/bin/../lib/gcc/avr/4.3.3/avr5\libgcc.a(_udivmodsi4.o)
 .bss           0x00800194        0x0 c:/users/ahmed/documents/everything/imt/imt_tools/sdk/imt_sdk_win_64/winavr/bin/../lib/gcc/avr/4.3.3/avr5\libgcc.a(_prologue.o)
 .bss           0x00800194        0x0 c:/users/ahmed/documents/everything/imt/imt_tools/sdk/imt_sdk_win_64/winavr/bin/../lib/gcc/avr/4.3.3/avr5\libgcc.a(_epilogue.o)
 .bss           0x00800194        0x0 c:/users/ahmed/documents/everything/imt/imt_tools/sdk/imt_sdk_win_64/winavr/bin/../lib/gcc/avr/4.3.3/avr5\libgcc.a(_clzsi2.o)
 .bss           0x00800194        0x0 c:/users/ahmed/documents/everything/imt/imt_tools/sdk/imt_sdk_win_64/winavr/bin/../lib/gcc/avr/4.3.3/avr5\libgcc.a(_pack_sf.o)
 .bss           0x00800194        0x0 c:/users/ahmed/documents/everything/imt/imt_tools/sdk/imt_sdk_win_64/winavr/bin/../lib/gcc/avr/4.3.3/avr5\libgcc.a(_unpack_sf.o)
 .bss           0x00800194        0x0 c:/users/ahmed/documents/everything/imt/imt_tools/sdk/imt_sdk_win_64/winavr/bin/../lib/gcc/avr/4.3.3/avr5\libgcc.a(_fpcmp_parts_sf.o)
 .bss           0x00800194        0x0 c:/users/ahmed/documents/everything/imt/imt_tools/sdk/imt_sdk_win_64/winavr/bin/../lib/gcc/avr/4.3.3/avr5\libgcc.a(_clz.o)
 *(.bss*)
 .bss.Private_voidRXFunc
                0x00800194        0x2 ./MCAL/UART/UART_Program.o
                0x00800194                Private_voidRXFunc
 .bss.Private_voidUDRFunc
                0x00800196        0x2 ./MCAL/UART/UART_Program.o
                0x00800196                Private_voidUDRFunc
 .bss.Private_voidTXFunc
                0x00800198        0x2 ./MCAL/UART/UART_Program.o
                0x00800198                Private_voidTXFunc
 .bss.Global_pvTimerICUCallBack
                0x0080019a        0x2 ./MCAL/TMR1/TMR1_Imp.o
 .bss.Global_pvTimerCTCCallBack
                0x0080019c        0x2 ./MCAL/TMR1/TMR1_Imp.o
 .bss.Private_voidSPIFunc
                0x0080019e        0x2 ./MCAL/SPI/SPI_Program.o
                0x0080019e                Private_voidSPIFunc
 .bss.EXTI_pvINT0Func
                0x008001a0        0x2 ./MCAL/EXT_INT/EXT_INT_Program.o
                0x008001a0                EXTI_pvINT0Func
 .bss.EXTI_pvINT1Func
                0x008001a2        0x2 ./MCAL/EXT_INT/EXT_INT_Program.o
                0x008001a2                EXTI_pvINT1Func
 .bss.EXTI_pvINT2Func
                0x008001a4        0x2 ./MCAL/EXT_INT/EXT_INT_Program.o
                0x008001a4                EXTI_pvINT2Func
 .bss.REF       0x008001a6        0x4 ./MCAL/ADC/NTI_ADC_Program.o
                0x008001a6                REF
 .bss.TimerFlag
                0x008001aa        0x1 ./main.o
                0x008001aa                TimerFlag
 .bss.TimerCounter
                0x008001ab        0x1 ./main.o
                0x008001ab                TimerCounter
 .bss.ADC_Read  0x008001ac        0x1 ./main.o
                0x008001ac                ADC_Read
 *(COMMON)
 COMMON         0x008001ad        0x2 ./MCAL/ADC/NTI_ADC_Program.o
                0x008001ad                ADC_pvFunc
                0x008001af                PROVIDE (__bss_end, .)
                0x00003e8c                __data_load_start = LOADADDR (.data)
                0x00003fc0                __data_load_end = (__data_load_start + SIZEOF (.data))

.noinit         0x008001af        0x0
                0x008001af                PROVIDE (__noinit_start, .)
 *(.noinit*)
                0x008001af                PROVIDE (__noinit_end, .)
                0x008001af                _end = .
                0x008001af                PROVIDE (__heap_start, .)

.eeprom         0x00810000        0x0
 *(.eeprom*)
                0x00810000                __eeprom_end = .

.fuse
 *(.fuse)
 *(.lfuse)
 *(.hfuse)
 *(.efuse)

.lock
 *(.lock*)

.signature
 *(.signature*)

.stab           0x00000000     0x4074
 *(.stab)
 .stab          0x00000000      0x780 ./MCAL/UART/UART_Program.o
 .stab          0x00000780      0x51c ./MCAL/TMR1/TMR1_Imp.o
                                0x528 (size before relaxing)
 .stab          0x00000c9c      0x39c ./MCAL/SPI/SPI_Program.o
                                0x3a8 (size before relaxing)
 .stab          0x00001038      0x1ec ./MCAL/Port/Port_Program.o
                                0x1f8 (size before relaxing)
 .stab          0x00001224       0xd8 ./MCAL/ICU/ICU_Program.o
                                 0xe4 (size before relaxing)
 .stab          0x000012fc      0x1c8 ./MCAL/GIE/GIE_Program.o
                                0x1d4 (size before relaxing)
 .stab          0x000014c4      0x66c ./MCAL/EXT_INT/EXT_INT_Program.o
                                0x678 (size before relaxing)
 .stab          0x00001b30      0x48c ./MCAL/DIO/DIO_Program.o
                                0x498 (size before relaxing)
 .stab          0x00001fbc      0x4e0 ./MCAL/ADC/NTI_ADC_Program.o
                                0x4ec (size before relaxing)
 .stab          0x0000249c     0x153c ./HAL/LCD2/LCD_Imp.o
                               0x1548 (size before relaxing)
 .stab          0x000039d8      0x2d0 ./HAL/KeyPad/KPD_Program.o
                                0x2dc (size before relaxing)
 .stab          0x00003ca8      0x3cc ./main.o
                                0x3d8 (size before relaxing)

.stabstr        0x00000000     0x1a52
 *(.stabstr)
 .stabstr       0x00000000     0x1a52 ./MCAL/UART/UART_Program.o

.stab.excl
 *(.stab.excl)

.stab.exclstr
 *(.stab.exclstr)

.stab.index
 *(.stab.index)

.stab.indexstr
 *(.stab.indexstr)

.comment
 *(.comment)

.debug
 *(.debug)

.line
 *(.line)

.debug_srcinfo
 *(.debug_srcinfo)

.debug_sfnames
 *(.debug_sfnames)

.debug_aranges  0x00000000      0x1e0
 *(.debug_aranges)
 .debug_aranges
                0x00000000       0x20 c:/users/ahmed/documents/everything/imt/imt_tools/sdk/imt_sdk_win_64/winavr/bin/../lib/gcc/avr/4.3.3/avr5\libgcc.a(_fixunssfsi.o)
 .debug_aranges
                0x00000020       0x20 c:/users/ahmed/documents/everything/imt/imt_tools/sdk/imt_sdk_win_64/winavr/bin/../lib/gcc/avr/4.3.3/avr5\libgcc.a(_addsub_sf.o)
 .debug_aranges
                0x00000040       0x20 c:/users/ahmed/documents/everything/imt/imt_tools/sdk/imt_sdk_win_64/winavr/bin/../lib/gcc/avr/4.3.3/avr5\libgcc.a(_mul_sf.o)
 .debug_aranges
                0x00000060       0x20 c:/users/ahmed/documents/everything/imt/imt_tools/sdk/imt_sdk_win_64/winavr/bin/../lib/gcc/avr/4.3.3/avr5\libgcc.a(_div_sf.o)
 .debug_aranges
                0x00000080       0x20 c:/users/ahmed/documents/everything/imt/imt_tools/sdk/imt_sdk_win_64/winavr/bin/../lib/gcc/avr/4.3.3/avr5\libgcc.a(_eq_sf.o)
 .debug_aranges
                0x000000a0       0x20 c:/users/ahmed/documents/everything/imt/imt_tools/sdk/imt_sdk_win_64/winavr/bin/../lib/gcc/avr/4.3.3/avr5\libgcc.a(_gt_sf.o)
 .debug_aranges
                0x000000c0       0x20 c:/users/ahmed/documents/everything/imt/imt_tools/sdk/imt_sdk_win_64/winavr/bin/../lib/gcc/avr/4.3.3/avr5\libgcc.a(_ge_sf.o)
 .debug_aranges
                0x000000e0       0x20 c:/users/ahmed/documents/everything/imt/imt_tools/sdk/imt_sdk_win_64/winavr/bin/../lib/gcc/avr/4.3.3/avr5\libgcc.a(_lt_sf.o)
 .debug_aranges
                0x00000100       0x20 c:/users/ahmed/documents/everything/imt/imt_tools/sdk/imt_sdk_win_64/winavr/bin/../lib/gcc/avr/4.3.3/avr5\libgcc.a(_si_to_sf.o)
 .debug_aranges
                0x00000120       0x20 c:/users/ahmed/documents/everything/imt/imt_tools/sdk/imt_sdk_win_64/winavr/bin/../lib/gcc/avr/4.3.3/avr5\libgcc.a(_sf_to_si.o)
 .debug_aranges
                0x00000140       0x20 c:/users/ahmed/documents/everything/imt/imt_tools/sdk/imt_sdk_win_64/winavr/bin/../lib/gcc/avr/4.3.3/avr5\libgcc.a(_usi_to_sf.o)
 .debug_aranges
                0x00000160       0x20 c:/users/ahmed/documents/everything/imt/imt_tools/sdk/imt_sdk_win_64/winavr/bin/../lib/gcc/avr/4.3.3/avr5\libgcc.a(_clzsi2.o)
 .debug_aranges
                0x00000180       0x20 c:/users/ahmed/documents/everything/imt/imt_tools/sdk/imt_sdk_win_64/winavr/bin/../lib/gcc/avr/4.3.3/avr5\libgcc.a(_pack_sf.o)
 .debug_aranges
                0x000001a0       0x20 c:/users/ahmed/documents/everything/imt/imt_tools/sdk/imt_sdk_win_64/winavr/bin/../lib/gcc/avr/4.3.3/avr5\libgcc.a(_unpack_sf.o)
 .debug_aranges
                0x000001c0       0x20 c:/users/ahmed/documents/everything/imt/imt_tools/sdk/imt_sdk_win_64/winavr/bin/../lib/gcc/avr/4.3.3/avr5\libgcc.a(_fpcmp_parts_sf.o)

.debug_pubnames
                0x00000000      0x232
 *(.debug_pubnames)
 .debug_pubnames
                0x00000000       0x23 c:/users/ahmed/documents/everything/imt/imt_tools/sdk/imt_sdk_win_64/winavr/bin/../lib/gcc/avr/4.3.3/avr5\libgcc.a(_fixunssfsi.o)
 .debug_pubnames
                0x00000023       0x2c c:/users/ahmed/documents/everything/imt/imt_tools/sdk/imt_sdk_win_64/winavr/bin/../lib/gcc/avr/4.3.3/avr5\libgcc.a(_addsub_sf.o)
 .debug_pubnames
                0x0000004f       0x1f c:/users/ahmed/documents/everything/imt/imt_tools/sdk/imt_sdk_win_64/winavr/bin/../lib/gcc/avr/4.3.3/avr5\libgcc.a(_mul_sf.o)
 .debug_pubnames
                0x0000006e       0x1f c:/users/ahmed/documents/everything/imt/imt_tools/sdk/imt_sdk_win_64/winavr/bin/../lib/gcc/avr/4.3.3/avr5\libgcc.a(_div_sf.o)
 .debug_pubnames
                0x0000008d       0x1e c:/users/ahmed/documents/everything/imt/imt_tools/sdk/imt_sdk_win_64/winavr/bin/../lib/gcc/avr/4.3.3/avr5\libgcc.a(_eq_sf.o)
 .debug_pubnames
                0x000000ab       0x1e c:/users/ahmed/documents/everything/imt/imt_tools/sdk/imt_sdk_win_64/winavr/bin/../lib/gcc/avr/4.3.3/avr5\libgcc.a(_gt_sf.o)
 .debug_pubnames
                0x000000c9       0x1e c:/users/ahmed/documents/everything/imt/imt_tools/sdk/imt_sdk_win_64/winavr/bin/../lib/gcc/avr/4.3.3/avr5\libgcc.a(_ge_sf.o)
 .debug_pubnames
                0x000000e7       0x1e c:/users/ahmed/documents/everything/imt/imt_tools/sdk/imt_sdk_win_64/winavr/bin/../lib/gcc/avr/4.3.3/avr5\libgcc.a(_lt_sf.o)
 .debug_pubnames
                0x00000105       0x22 c:/users/ahmed/documents/everything/imt/imt_tools/sdk/imt_sdk_win_64/winavr/bin/../lib/gcc/avr/4.3.3/avr5\libgcc.a(_si_to_sf.o)
 .debug_pubnames
                0x00000127       0x20 c:/users/ahmed/documents/everything/imt/imt_tools/sdk/imt_sdk_win_64/winavr/bin/../lib/gcc/avr/4.3.3/avr5\libgcc.a(_sf_to_si.o)
 .debug_pubnames
                0x00000147       0x22 c:/users/ahmed/documents/everything/imt/imt_tools/sdk/imt_sdk_win_64/winavr/bin/../lib/gcc/avr/4.3.3/avr5\libgcc.a(_thenan_sf.o)
 .debug_pubnames
                0x00000169       0x24 c:/users/ahmed/documents/everything/imt/imt_tools/sdk/imt_sdk_win_64/winavr/bin/../lib/gcc/avr/4.3.3/avr5\libgcc.a(_usi_to_sf.o)
 .debug_pubnames
                0x0000018d       0x1f c:/users/ahmed/documents/everything/imt/imt_tools/sdk/imt_sdk_win_64/winavr/bin/../lib/gcc/avr/4.3.3/avr5\libgcc.a(_clzsi2.o)
 .debug_pubnames
                0x000001ac       0x1f c:/users/ahmed/documents/everything/imt/imt_tools/sdk/imt_sdk_win_64/winavr/bin/../lib/gcc/avr/4.3.3/avr5\libgcc.a(_pack_sf.o)
 .debug_pubnames
                0x000001cb       0x21 c:/users/ahmed/documents/everything/imt/imt_tools/sdk/imt_sdk_win_64/winavr/bin/../lib/gcc/avr/4.3.3/avr5\libgcc.a(_unpack_sf.o)
 .debug_pubnames
                0x000001ec       0x26 c:/users/ahmed/documents/everything/imt/imt_tools/sdk/imt_sdk_win_64/winavr/bin/../lib/gcc/avr/4.3.3/avr5\libgcc.a(_fpcmp_parts_sf.o)
 .debug_pubnames
                0x00000212       0x20 c:/users/ahmed/documents/everything/imt/imt_tools/sdk/imt_sdk_win_64/winavr/bin/../lib/gcc/avr/4.3.3/avr5\libgcc.a(_clz.o)

.debug_info     0x00000000     0x2891
 *(.debug_info)
 .debug_info    0x00000000       0xb1 c:/users/ahmed/documents/everything/imt/imt_tools/sdk/imt_sdk_win_64/winavr/bin/../lib/gcc/avr/4.3.3/avr5\libgcc.a(_fixunssfsi.o)
 .debug_info    0x000000b1      0x47a c:/users/ahmed/documents/everything/imt/imt_tools/sdk/imt_sdk_win_64/winavr/bin/../lib/gcc/avr/4.3.3/avr5\libgcc.a(_addsub_sf.o)
 .debug_info    0x0000052b      0x485 c:/users/ahmed/documents/everything/imt/imt_tools/sdk/imt_sdk_win_64/winavr/bin/../lib/gcc/avr/4.3.3/avr5\libgcc.a(_mul_sf.o)
 .debug_info    0x000009b0      0x3fc c:/users/ahmed/documents/everything/imt/imt_tools/sdk/imt_sdk_win_64/winavr/bin/../lib/gcc/avr/4.3.3/avr5\libgcc.a(_div_sf.o)
 .debug_info    0x00000dac      0x27f c:/users/ahmed/documents/everything/imt/imt_tools/sdk/imt_sdk_win_64/winavr/bin/../lib/gcc/avr/4.3.3/avr5\libgcc.a(_eq_sf.o)
 .debug_info    0x0000102b      0x27f c:/users/ahmed/documents/everything/imt/imt_tools/sdk/imt_sdk_win_64/winavr/bin/../lib/gcc/avr/4.3.3/avr5\libgcc.a(_gt_sf.o)
 .debug_info    0x000012aa      0x27f c:/users/ahmed/documents/everything/imt/imt_tools/sdk/imt_sdk_win_64/winavr/bin/../lib/gcc/avr/4.3.3/avr5\libgcc.a(_ge_sf.o)
 .debug_info    0x00001529      0x27f c:/users/ahmed/documents/everything/imt/imt_tools/sdk/imt_sdk_win_64/winavr/bin/../lib/gcc/avr/4.3.3/avr5\libgcc.a(_lt_sf.o)
 .debug_info    0x000017a8      0x207 c:/users/ahmed/documents/everything/imt/imt_tools/sdk/imt_sdk_win_64/winavr/bin/../lib/gcc/avr/4.3.3/avr5\libgcc.a(_si_to_sf.o)
 .debug_info    0x000019af      0x2b0 c:/users/ahmed/documents/everything/imt/imt_tools/sdk/imt_sdk_win_64/winavr/bin/../lib/gcc/avr/4.3.3/avr5\libgcc.a(_sf_to_si.o)
 .debug_info    0x00001c5f      0x12c c:/users/ahmed/documents/everything/imt/imt_tools/sdk/imt_sdk_win_64/winavr/bin/../lib/gcc/avr/4.3.3/avr5\libgcc.a(_thenan_sf.o)
 .debug_info    0x00001d8b      0x206 c:/users/ahmed/documents/everything/imt/imt_tools/sdk/imt_sdk_win_64/winavr/bin/../lib/gcc/avr/4.3.3/avr5\libgcc.a(_usi_to_sf.o)
 .debug_info    0x00001f91      0x117 c:/users/ahmed/documents/everything/imt/imt_tools/sdk/imt_sdk_win_64/winavr/bin/../lib/gcc/avr/4.3.3/avr5\libgcc.a(_clzsi2.o)
 .debug_info    0x000020a8      0x2df c:/users/ahmed/documents/everything/imt/imt_tools/sdk/imt_sdk_win_64/winavr/bin/../lib/gcc/avr/4.3.3/avr5\libgcc.a(_pack_sf.o)
 .debug_info    0x00002387      0x251 c:/users/ahmed/documents/everything/imt/imt_tools/sdk/imt_sdk_win_64/winavr/bin/../lib/gcc/avr/4.3.3/avr5\libgcc.a(_unpack_sf.o)
 .debug_info    0x000025d8      0x210 c:/users/ahmed/documents/everything/imt/imt_tools/sdk/imt_sdk_win_64/winavr/bin/../lib/gcc/avr/4.3.3/avr5\libgcc.a(_fpcmp_parts_sf.o)
 .debug_info    0x000027e8       0xa9 c:/users/ahmed/documents/everything/imt/imt_tools/sdk/imt_sdk_win_64/winavr/bin/../lib/gcc/avr/4.3.3/avr5\libgcc.a(_clz.o)
 *(.gnu.linkonce.wi.*)

.debug_abbrev   0x00000000     0x1628
 *(.debug_abbrev)
 .debug_abbrev  0x00000000       0x5d c:/users/ahmed/documents/everything/imt/imt_tools/sdk/imt_sdk_win_64/winavr/bin/../lib/gcc/avr/4.3.3/avr5\libgcc.a(_fixunssfsi.o)
 .debug_abbrev  0x0000005d      0x1ea c:/users/ahmed/documents/everything/imt/imt_tools/sdk/imt_sdk_win_64/winavr/bin/../lib/gcc/avr/4.3.3/avr5\libgcc.a(_addsub_sf.o)
 .debug_abbrev  0x00000247      0x21b c:/users/ahmed/documents/everything/imt/imt_tools/sdk/imt_sdk_win_64/winavr/bin/../lib/gcc/avr/4.3.3/avr5\libgcc.a(_mul_sf.o)
 .debug_abbrev  0x00000462      0x216 c:/users/ahmed/documents/everything/imt/imt_tools/sdk/imt_sdk_win_64/winavr/bin/../lib/gcc/avr/4.3.3/avr5\libgcc.a(_div_sf.o)
 .debug_abbrev  0x00000678      0x15a c:/users/ahmed/documents/everything/imt/imt_tools/sdk/imt_sdk_win_64/winavr/bin/../lib/gcc/avr/4.3.3/avr5\libgcc.a(_eq_sf.o)
 .debug_abbrev  0x000007d2      0x15a c:/users/ahmed/documents/everything/imt/imt_tools/sdk/imt_sdk_win_64/winavr/bin/../lib/gcc/avr/4.3.3/avr5\libgcc.a(_gt_sf.o)
 .debug_abbrev  0x0000092c      0x15a c:/users/ahmed/documents/everything/imt/imt_tools/sdk/imt_sdk_win_64/winavr/bin/../lib/gcc/avr/4.3.3/avr5\libgcc.a(_ge_sf.o)
 .debug_abbrev  0x00000a86      0x15a c:/users/ahmed/documents/everything/imt/imt_tools/sdk/imt_sdk_win_64/winavr/bin/../lib/gcc/avr/4.3.3/avr5\libgcc.a(_lt_sf.o)
 .debug_abbrev  0x00000be0      0x148 c:/users/ahmed/documents/everything/imt/imt_tools/sdk/imt_sdk_win_64/winavr/bin/../lib/gcc/avr/4.3.3/avr5\libgcc.a(_si_to_sf.o)
 .debug_abbrev  0x00000d28      0x17f c:/users/ahmed/documents/everything/imt/imt_tools/sdk/imt_sdk_win_64/winavr/bin/../lib/gcc/avr/4.3.3/avr5\libgcc.a(_sf_to_si.o)
 .debug_abbrev  0x00000ea7       0xad c:/users/ahmed/documents/everything/imt/imt_tools/sdk/imt_sdk_win_64/winavr/bin/../lib/gcc/avr/4.3.3/avr5\libgcc.a(_thenan_sf.o)
 .debug_abbrev  0x00000f54      0x157 c:/users/ahmed/documents/everything/imt/imt_tools/sdk/imt_sdk_win_64/winavr/bin/../lib/gcc/avr/4.3.3/avr5\libgcc.a(_usi_to_sf.o)
 .debug_abbrev  0x000010ab       0xc4 c:/users/ahmed/documents/everything/imt/imt_tools/sdk/imt_sdk_win_64/winavr/bin/../lib/gcc/avr/4.3.3/avr5\libgcc.a(_clzsi2.o)
 .debug_abbrev  0x0000116f      0x1c0 c:/users/ahmed/documents/everything/imt/imt_tools/sdk/imt_sdk_win_64/winavr/bin/../lib/gcc/avr/4.3.3/avr5\libgcc.a(_pack_sf.o)
 .debug_abbrev  0x0000132f      0x154 c:/users/ahmed/documents/everything/imt/imt_tools/sdk/imt_sdk_win_64/winavr/bin/../lib/gcc/avr/4.3.3/avr5\libgcc.a(_unpack_sf.o)
 .debug_abbrev  0x00001483      0x13b c:/users/ahmed/documents/everything/imt/imt_tools/sdk/imt_sdk_win_64/winavr/bin/../lib/gcc/avr/4.3.3/avr5\libgcc.a(_fpcmp_parts_sf.o)
 .debug_abbrev  0x000015be       0x6a c:/users/ahmed/documents/everything/imt/imt_tools/sdk/imt_sdk_win_64/winavr/bin/../lib/gcc/avr/4.3.3/avr5\libgcc.a(_clz.o)

.debug_line     0x00000000     0x13de
 *(.debug_line)
 .debug_line    0x00000000       0xa7 c:/users/ahmed/documents/everything/imt/imt_tools/sdk/imt_sdk_win_64/winavr/bin/../lib/gcc/avr/4.3.3/avr5\libgcc.a(_fixunssfsi.o)
 .debug_line    0x000000a7      0x2af c:/users/ahmed/documents/everything/imt/imt_tools/sdk/imt_sdk_win_64/winavr/bin/../lib/gcc/avr/4.3.3/avr5\libgcc.a(_addsub_sf.o)
 .debug_line    0x00000356      0x239 c:/users/ahmed/documents/everything/imt/imt_tools/sdk/imt_sdk_win_64/winavr/bin/../lib/gcc/avr/4.3.3/avr5\libgcc.a(_mul_sf.o)
 .debug_line    0x0000058f      0x1d5 c:/users/ahmed/documents/everything/imt/imt_tools/sdk/imt_sdk_win_64/winavr/bin/../lib/gcc/avr/4.3.3/avr5\libgcc.a(_div_sf.o)
 .debug_line    0x00000764       0xd3 c:/users/ahmed/documents/everything/imt/imt_tools/sdk/imt_sdk_win_64/winavr/bin/../lib/gcc/avr/4.3.3/avr5\libgcc.a(_eq_sf.o)
 .debug_line    0x00000837       0xd3 c:/users/ahmed/documents/everything/imt/imt_tools/sdk/imt_sdk_win_64/winavr/bin/../lib/gcc/avr/4.3.3/avr5\libgcc.a(_gt_sf.o)
 .debug_line    0x0000090a       0xd3 c:/users/ahmed/documents/everything/imt/imt_tools/sdk/imt_sdk_win_64/winavr/bin/../lib/gcc/avr/4.3.3/avr5\libgcc.a(_ge_sf.o)
 .debug_line    0x000009dd       0xd3 c:/users/ahmed/documents/everything/imt/imt_tools/sdk/imt_sdk_win_64/winavr/bin/../lib/gcc/avr/4.3.3/avr5\libgcc.a(_lt_sf.o)
 .debug_line    0x00000ab0      0x135 c:/users/ahmed/documents/everything/imt/imt_tools/sdk/imt_sdk_win_64/winavr/bin/../lib/gcc/avr/4.3.3/avr5\libgcc.a(_si_to_sf.o)
 .debug_line    0x00000be5      0x109 c:/users/ahmed/documents/everything/imt/imt_tools/sdk/imt_sdk_win_64/winavr/bin/../lib/gcc/avr/4.3.3/avr5\libgcc.a(_sf_to_si.o)
 .debug_line    0x00000cee       0x90 c:/users/ahmed/documents/everything/imt/imt_tools/sdk/imt_sdk_win_64/winavr/bin/../lib/gcc/avr/4.3.3/avr5\libgcc.a(_thenan_sf.o)
 .debug_line    0x00000d7e      0x133 c:/users/ahmed/documents/everything/imt/imt_tools/sdk/imt_sdk_win_64/winavr/bin/../lib/gcc/avr/4.3.3/avr5\libgcc.a(_usi_to_sf.o)
 .debug_line    0x00000eb1       0xa5 c:/users/ahmed/documents/everything/imt/imt_tools/sdk/imt_sdk_win_64/winavr/bin/../lib/gcc/avr/4.3.3/avr5\libgcc.a(_clzsi2.o)
 .debug_line    0x00000f56      0x18a c:/users/ahmed/documents/everything/imt/imt_tools/sdk/imt_sdk_win_64/winavr/bin/../lib/gcc/avr/4.3.3/avr5\libgcc.a(_pack_sf.o)
 .debug_line    0x000010e0      0x14b c:/users/ahmed/documents/everything/imt/imt_tools/sdk/imt_sdk_win_64/winavr/bin/../lib/gcc/avr/4.3.3/avr5\libgcc.a(_unpack_sf.o)
 .debug_line    0x0000122b      0x137 c:/users/ahmed/documents/everything/imt/imt_tools/sdk/imt_sdk_win_64/winavr/bin/../lib/gcc/avr/4.3.3/avr5\libgcc.a(_fpcmp_parts_sf.o)
 .debug_line    0x00001362       0x7c c:/users/ahmed/documents/everything/imt/imt_tools/sdk/imt_sdk_win_64/winavr/bin/../lib/gcc/avr/4.3.3/avr5\libgcc.a(_clz.o)

.debug_frame    0x00000000      0x200
 *(.debug_frame)
 .debug_frame   0x00000000       0x20 c:/users/ahmed/documents/everything/imt/imt_tools/sdk/imt_sdk_win_64/winavr/bin/../lib/gcc/avr/4.3.3/avr5\libgcc.a(_fixunssfsi.o)
 .debug_frame   0x00000020       0x40 c:/users/ahmed/documents/everything/imt/imt_tools/sdk/imt_sdk_win_64/winavr/bin/../lib/gcc/avr/4.3.3/avr5\libgcc.a(_addsub_sf.o)
 .debug_frame   0x00000060       0x20 c:/users/ahmed/documents/everything/imt/imt_tools/sdk/imt_sdk_win_64/winavr/bin/../lib/gcc/avr/4.3.3/avr5\libgcc.a(_mul_sf.o)
 .debug_frame   0x00000080       0x20 c:/users/ahmed/documents/everything/imt/imt_tools/sdk/imt_sdk_win_64/winavr/bin/../lib/gcc/avr/4.3.3/avr5\libgcc.a(_div_sf.o)
 .debug_frame   0x000000a0       0x20 c:/users/ahmed/documents/everything/imt/imt_tools/sdk/imt_sdk_win_64/winavr/bin/../lib/gcc/avr/4.3.3/avr5\libgcc.a(_eq_sf.o)
 .debug_frame   0x000000c0       0x20 c:/users/ahmed/documents/everything/imt/imt_tools/sdk/imt_sdk_win_64/winavr/bin/../lib/gcc/avr/4.3.3/avr5\libgcc.a(_gt_sf.o)
 .debug_frame   0x000000e0       0x20 c:/users/ahmed/documents/everything/imt/imt_tools/sdk/imt_sdk_win_64/winavr/bin/../lib/gcc/avr/4.3.3/avr5\libgcc.a(_ge_sf.o)
 .debug_frame   0x00000100       0x20 c:/users/ahmed/documents/everything/imt/imt_tools/sdk/imt_sdk_win_64/winavr/bin/../lib/gcc/avr/4.3.3/avr5\libgcc.a(_lt_sf.o)
 .debug_frame   0x00000120       0x20 c:/users/ahmed/documents/everything/imt/imt_tools/sdk/imt_sdk_win_64/winavr/bin/../lib/gcc/avr/4.3.3/avr5\libgcc.a(_si_to_sf.o)
 .debug_frame   0x00000140       0x20 c:/users/ahmed/documents/everything/imt/imt_tools/sdk/imt_sdk_win_64/winavr/bin/../lib/gcc/avr/4.3.3/avr5\libgcc.a(_sf_to_si.o)
 .debug_frame   0x00000160       0x20 c:/users/ahmed/documents/everything/imt/imt_tools/sdk/imt_sdk_win_64/winavr/bin/../lib/gcc/avr/4.3.3/avr5\libgcc.a(_usi_to_sf.o)
 .debug_frame   0x00000180       0x20 c:/users/ahmed/documents/everything/imt/imt_tools/sdk/imt_sdk_win_64/winavr/bin/../lib/gcc/avr/4.3.3/avr5\libgcc.a(_clzsi2.o)
 .debug_frame   0x000001a0       0x20 c:/users/ahmed/documents/everything/imt/imt_tools/sdk/imt_sdk_win_64/winavr/bin/../lib/gcc/avr/4.3.3/avr5\libgcc.a(_pack_sf.o)
 .debug_frame   0x000001c0       0x20 c:/users/ahmed/documents/everything/imt/imt_tools/sdk/imt_sdk_win_64/winavr/bin/../lib/gcc/avr/4.3.3/avr5\libgcc.a(_unpack_sf.o)
 .debug_frame   0x000001e0       0x20 c:/users/ahmed/documents/everything/imt/imt_tools/sdk/imt_sdk_win_64/winavr/bin/../lib/gcc/avr/4.3.3/avr5\libgcc.a(_fpcmp_parts_sf.o)

.debug_str      0x00000000      0x30f
 *(.debug_str)
 .debug_str     0x00000000       0xbf c:/users/ahmed/documents/everything/imt/imt_tools/sdk/imt_sdk_win_64/winavr/bin/../lib/gcc/avr/4.3.3/avr5\libgcc.a(_fixunssfsi.o)
                                 0xfe (size before relaxing)
 .debug_str     0x000000bf      0x14d c:/users/ahmed/documents/everything/imt/imt_tools/sdk/imt_sdk_win_64/winavr/bin/../lib/gcc/avr/4.3.3/avr5\libgcc.a(_addsub_sf.o)
                                0x206 (size before relaxing)
 .debug_str     0x0000020c       0x27 c:/users/ahmed/documents/everything/imt/imt_tools/sdk/imt_sdk_win_64/winavr/bin/../lib/gcc/avr/4.3.3/avr5\libgcc.a(_mul_sf.o)
                                0x1bf (size before relaxing)
 .debug_str     0x00000233       0x35 c:/users/ahmed/documents/everything/imt/imt_tools/sdk/imt_sdk_win_64/winavr/bin/../lib/gcc/avr/4.3.3/avr5\libgcc.a(_div_sf.o)
                                0x1c8 (size before relaxing)
 .debug_str     0x00000268        0x8 c:/users/ahmed/documents/everything/imt/imt_tools/sdk/imt_sdk_win_64/winavr/bin/../lib/gcc/avr/4.3.3/avr5\libgcc.a(_eq_sf.o)
                                0x195 (size before relaxing)
 .debug_str     0x00000270        0x8 c:/users/ahmed/documents/everything/imt/imt_tools/sdk/imt_sdk_win_64/winavr/bin/../lib/gcc/avr/4.3.3/avr5\libgcc.a(_gt_sf.o)
                                0x195 (size before relaxing)
 .debug_str     0x00000278        0x8 c:/users/ahmed/documents/everything/imt/imt_tools/sdk/imt_sdk_win_64/winavr/bin/../lib/gcc/avr/4.3.3/avr5\libgcc.a(_ge_sf.o)
                                0x195 (size before relaxing)
 .debug_str     0x00000280        0x8 c:/users/ahmed/documents/everything/imt/imt_tools/sdk/imt_sdk_win_64/winavr/bin/../lib/gcc/avr/4.3.3/avr5\libgcc.a(_lt_sf.o)
                                0x195 (size before relaxing)
 .debug_str     0x00000288       0x1e c:/users/ahmed/documents/everything/imt/imt_tools/sdk/imt_sdk_win_64/winavr/bin/../lib/gcc/avr/4.3.3/avr5\libgcc.a(_si_to_sf.o)
                                0x17b (size before relaxing)
 .debug_str     0x000002a6        0xa c:/users/ahmed/documents/everything/imt/imt_tools/sdk/imt_sdk_win_64/winavr/bin/../lib/gcc/avr/4.3.3/avr5\libgcc.a(_sf_to_si.o)
                                0x19e (size before relaxing)
 .debug_str     0x00000000      0x103 c:/users/ahmed/documents/everything/imt/imt_tools/sdk/imt_sdk_win_64/winavr/bin/../lib/gcc/avr/4.3.3/avr5\libgcc.a(_thenan_sf.o)
 .debug_str     0x000002b0       0x14 c:/users/ahmed/documents/everything/imt/imt_tools/sdk/imt_sdk_win_64/winavr/bin/../lib/gcc/avr/4.3.3/avr5\libgcc.a(_usi_to_sf.o)
                                0x177 (size before relaxing)
 .debug_str     0x000002c4       0x20 c:/users/ahmed/documents/everything/imt/imt_tools/sdk/imt_sdk_win_64/winavr/bin/../lib/gcc/avr/4.3.3/avr5\libgcc.a(_clzsi2.o)
                                0x111 (size before relaxing)
 .debug_str     0x000002e4       0x10 c:/users/ahmed/documents/everything/imt/imt_tools/sdk/imt_sdk_win_64/winavr/bin/../lib/gcc/avr/4.3.3/avr5\libgcc.a(_pack_sf.o)
                                0x19d (size before relaxing)
 .debug_str     0x000002f4        0xb c:/users/ahmed/documents/everything/imt/imt_tools/sdk/imt_sdk_win_64/winavr/bin/../lib/gcc/avr/4.3.3/avr5\libgcc.a(_unpack_sf.o)
                                0x17f (size before relaxing)
 .debug_str     0x000002ff       0x10 c:/users/ahmed/documents/everything/imt/imt_tools/sdk/imt_sdk_win_64/winavr/bin/../lib/gcc/avr/4.3.3/avr5\libgcc.a(_fpcmp_parts_sf.o)
                                0x163 (size before relaxing)
 .debug_str     0x00000000       0xf4 c:/users/ahmed/documents/everything/imt/imt_tools/sdk/imt_sdk_win_64/winavr/bin/../lib/gcc/avr/4.3.3/avr5\libgcc.a(_clz.o)

.debug_loc      0x00000000      0xa56
 *(.debug_loc)
 .debug_loc     0x00000000       0x34 c:/users/ahmed/documents/everything/imt/imt_tools/sdk/imt_sdk_win_64/winavr/bin/../lib/gcc/avr/4.3.3/avr5\libgcc.a(_fixunssfsi.o)
 .debug_loc     0x00000034      0x32a c:/users/ahmed/documents/everything/imt/imt_tools/sdk/imt_sdk_win_64/winavr/bin/../lib/gcc/avr/4.3.3/avr5\libgcc.a(_addsub_sf.o)
 .debug_loc     0x0000035e      0x104 c:/users/ahmed/documents/everything/imt/imt_tools/sdk/imt_sdk_win_64/winavr/bin/../lib/gcc/avr/4.3.3/avr5\libgcc.a(_mul_sf.o)
 .debug_loc     0x00000462       0xc0 c:/users/ahmed/documents/everything/imt/imt_tools/sdk/imt_sdk_win_64/winavr/bin/../lib/gcc/avr/4.3.3/avr5\libgcc.a(_div_sf.o)
 .debug_loc     0x00000522       0x3c c:/users/ahmed/documents/everything/imt/imt_tools/sdk/imt_sdk_win_64/winavr/bin/../lib/gcc/avr/4.3.3/avr5\libgcc.a(_eq_sf.o)
 .debug_loc     0x0000055e       0x3c c:/users/ahmed/documents/everything/imt/imt_tools/sdk/imt_sdk_win_64/winavr/bin/../lib/gcc/avr/4.3.3/avr5\libgcc.a(_gt_sf.o)
 .debug_loc     0x0000059a       0x3c c:/users/ahmed/documents/everything/imt/imt_tools/sdk/imt_sdk_win_64/winavr/bin/../lib/gcc/avr/4.3.3/avr5\libgcc.a(_ge_sf.o)
 .debug_loc     0x000005d6       0x3c c:/users/ahmed/documents/everything/imt/imt_tools/sdk/imt_sdk_win_64/winavr/bin/../lib/gcc/avr/4.3.3/avr5\libgcc.a(_lt_sf.o)
 .debug_loc     0x00000612       0xac c:/users/ahmed/documents/everything/imt/imt_tools/sdk/imt_sdk_win_64/winavr/bin/../lib/gcc/avr/4.3.3/avr5\libgcc.a(_si_to_sf.o)
 .debug_loc     0x000006be       0x7e c:/users/ahmed/documents/everything/imt/imt_tools/sdk/imt_sdk_win_64/winavr/bin/../lib/gcc/avr/4.3.3/avr5\libgcc.a(_sf_to_si.o)
 .debug_loc     0x0000073c       0x4c c:/users/ahmed/documents/everything/imt/imt_tools/sdk/imt_sdk_win_64/winavr/bin/../lib/gcc/avr/4.3.3/avr5\libgcc.a(_usi_to_sf.o)
 .debug_loc     0x00000788       0x94 c:/users/ahmed/documents/everything/imt/imt_tools/sdk/imt_sdk_win_64/winavr/bin/../lib/gcc/avr/4.3.3/avr5\libgcc.a(_clzsi2.o)
 .debug_loc     0x0000081c      0x13e c:/users/ahmed/documents/everything/imt/imt_tools/sdk/imt_sdk_win_64/winavr/bin/../lib/gcc/avr/4.3.3/avr5\libgcc.a(_pack_sf.o)
 .debug_loc     0x0000095a       0xac c:/users/ahmed/documents/everything/imt/imt_tools/sdk/imt_sdk_win_64/winavr/bin/../lib/gcc/avr/4.3.3/avr5\libgcc.a(_unpack_sf.o)
 .debug_loc     0x00000a06       0x50 c:/users/ahmed/documents/everything/imt/imt_tools/sdk/imt_sdk_win_64/winavr/bin/../lib/gcc/avr/4.3.3/avr5\libgcc.a(_fpcmp_parts_sf.o)

.debug_macinfo
 *(.debug_macinfo)
OUTPUT(NTI_SPI_SLAVE.elf elf32-avr)
LOAD linker stubs

.debug_ranges   0x00000000       0x50
 .debug_ranges  0x00000000       0x50 c:/users/ahmed/documents/everything/imt/imt_tools/sdk/imt_sdk_win_64/winavr/bin/../lib/gcc/avr/4.3.3/avr5\libgcc.a(_mul_sf.o)
